######################################################
$ssh fusion@192.168.43.231

fusion@fusion:~$ 

fusion@fusion:~$ sudo gdb

fusion@fusion:~$ sudo netstat -p -l | grep level01
tcp        0      0 *:20001                 *:*                     LISTEN      1442/level01    



fusion@fusion:~$ sudo gdb

(gdb) set follow-fork-mode child
(gdb) attach 1442

(gdb) c

(gdb) break *fix_path 
Breakpoint 1 at 0x8049815: file level01/level01.c, line 4.

(gdb) attach 1442

(gdb) c
Continuing.
[New process 1952]
[Switching to process 1952]

Breakpoint 1, fix_path (path=0xbfce24ac "SPACE1")
    at level01/level01.c:4
4	level01/level01.c: No such file or directory.
	in level01/level01.c

(gdb) set pagination off
(gdb) i r
eax            0xbfce24ac	-1077009236
ecx            0xbfce2400	-1077009408
edx            0xbfce2400	-1077009408
ebx            0xb7795ff4	-1216782348
esp            0xbfce248c	0xbfce248c
ebp            0xbfce28b8	0xbfce28b8
esi            0xbfce24bb	-1077009221
edi            0x8049ed1	134520529
eip            0x8049815	0x8049815 <fix_path>
eflags         0x246	[ PF ZF IF ]
cs             0x73	115
ss             0x7b	123
ds             0x7b	123
es             0x7b	123
fs             0x0	0
gs             0x33	51
(gdb) 

(gdb) x/xw $ebp
0xbfce28b8:	0xbfce28e8
0xbfce28b8:	0xbfce28e8
